// Jest Snapshot v1, https://goo.gl/fbAQLP

exports[`components/Header should render 1`] = `
.emotion-2 {
  grid-area: header;
  position: fixed;
  top: 0;
  width: 100%;
  left: 0;
  right: 0;
  height: 200px;
}

.emotion-0 {
  height: 100%;
  display: block;
  position: absolute;
  right: 0;
  top: 0;
  -webkit-transition: all 0.4s cubic-bezier(0.165,0.84,0.44,1);
  transition: all 0.4s cubic-bezier(0.165,0.84,0.44,1);
}

.emotion-0 > img {
  height: 100%;
}

.emotion-0:hover {
  -webkit-transform: translate(20px,-20px);
  -ms-transform: translate(20px,-20px);
  transform: translate(20px,-20px);
}

<header
  className="emotion-2 emotion-3"
>
  <a
    className="emotion-0 emotion-1"
    href="https://github.com/greenberrynl/hacktoberfest2019"
    target="_blank"
  >
    <img
      alt="Github"
      src="totally real file"
    />
  </a>
</header>
`;
